// Jest Snapshot v1, https://jestjs.io/docs/snapshot-testing

exports[`CrisisSubsectionC matches snapshot 1`] = `
<div
  class="space-y-12 "
  id="major-premise-c"
>
  <h3
    class="font-playfair text-4xl font-bold text-red-900"
  >
    C. The Specialized Knowledge Crisis
  </h3>
  <div
    data-testid="problem-solution-panel"
  >
    <div
      data-testid="problem-title"
    >
      The Problem: STEM-First Curriculum
    </div>
    <div
      data-testid="solution-title"
    >
      The Solution: Poetic Knowledge as Foundation
    </div>
  </div>
  <div
    data-testid="evidence-quote-group"
    data-variant="major-premise"
  >
    <h4>
      Evidence from the Sources
    </h4>
    <div
      data-testid="quote-count"
    >
      4
       quotes
    </div>
  </div>
  <div
    data-testid="comparison-diagram"
  >
    <div
      data-testid="diagram-title"
    >
      The Poisoned Well: STEM Without Poetic Soil
    </div>
    <div
      data-testid="diagram-description"
    >
      Specialization must grow from poetic soil, not replace it
    </div>
    <div
      data-testid="left-column-label"
    >
      Modern Education
    </div>
    <div
      data-testid="right-column-label"
    >
      Classical Education
    </div>
  </div>
  <div
    class="space-y-8"
  >
    <h3
      class="font-playfair text-3xl font-bold text-forest text-center"
    >
      Summary: The Three Poisons
    </h3>
    <p
      class="text-center text-lg text-charcoal/90 max-w-3xl mx-auto"
    >
      Modern education has systematically destroyed the gymnasium and poetic stages through three interconnected failures:
    </p>
    <div
      data-columns="3"
      data-testid="card-grid"
      data-variant="crisis"
    >
      <div
        data-testid="card-count"
      >
        3
         cards
      </div>
      <div
        data-testid="card-0"
      >
        <span
          data-testid="card-heading-0"
        >
          Screens
        </span>
      </div>
      <div
        data-testid="card-1"
      >
        <span
          data-testid="card-heading-1"
        >
          Softness
        </span>
      </div>
      <div
        data-testid="card-2"
      >
        <span
          data-testid="card-heading-2"
        >
          Specialization
        </span>
      </div>
    </div>
  </div>
  <div
    data-testid="summary-box"
    data-variant="major-premise"
  >
    <div
      data-testid="summary-title"
    >
      The Crisis Established:
    </div>
    <div
      data-testid="summary-content"
    >
      <p
        class="text-xl leading-relaxed"
      >
        Modern education has 
        <strong>
          failed our sons
        </strong>
         by poisoning the well of wonder, eliminating physical and moral formation, and rushing to utilitarian specialization. The gymnasium and poetic stages—ages 7-17—have been abandoned.
      </p>
    </div>
  </div>
</div>
`;
