// Jest Snapshot v1, https://jestjs.io/docs/snapshot-testing

exports[`RestorationSubsectionB matches snapshot 1`] = `
<div
  class="space-y-12 "
  id="minor-premise-b"
>
  <h3
    class="font-playfair text-4xl font-bold text-green-900"
  >
    B. The Gymnasium Stage: Foundation for Warriors
  </h3>
  <div
    data-layout="split"
    data-testid="mock-problem-solution-panel"
  >
    <div
      data-testid="problem-title"
    >
      What Modern Education Skips
    </div>
    <div
      data-testid="solution-title"
    >
      Senior's Gymnasium Prescription
    </div>
  </div>
  <div
    data-testid="mock-evidence-quote-group"
    data-variant="minor-premise"
  >
    <h4>
      Evidence from the Sources
    </h4>
    <div
      data-testid="quotes-count"
    >
      3
       quotes
    </div>
  </div>
</div>
`;
